// Jest Snapshot v1, https://goo.gl/fbAQLP

exports[`should render ConversationPanel component 1`] = `
Object {
  "asFragment": [Function],
  "baseElement": <body>
    <div>
      <div
        class="conversation-panel"
      >
        <div
          class="left-col"
        >
          <div
            class="row justify-content-center fixed-bottom ps-2"
          >
            <div
              class="col-8 col-md-4 col-lg-5"
            >
              <div
                class="mb-3 input-group"
              >
                <input
                  class="border-primary form-control"
                  placeholder="Ask a question"
                  value=""
                />
                <button
                  class="btn btn-primary bi bi-send"
                  type="button"
                />
              </div>
            </div>
            <div
              class="col-8 col-md-3 col-lg-5"
            >
              <div
                class="btn-group"
                role="group"
              >
                <button
                  class="btn btn-outline-success bi bi-layout-sidebar-reverse"
                  type="button"
                />
                <button
                  class="btn btn-outline-success bi bi-list"
                  type="button"
                />
              </div>
            </div>
          </div>
        </div>
        <div
          class="right-col m-2"
        >
          <textarea
            class="h-100 form-control"
            disabled=""
          />
        </div>
      </div>
    </div>
  </body>,
  "container": <div>
    <div
      class="conversation-panel"
    >
      <div
        class="left-col"
      >
        <div
          class="row justify-content-center fixed-bottom ps-2"
        >
          <div
            class="col-8 col-md-4 col-lg-5"
          >
            <div
              class="mb-3 input-group"
            >
              <input
                class="border-primary form-control"
                placeholder="Ask a question"
                value=""
              />
              <button
                class="btn btn-primary bi bi-send"
                type="button"
              />
            </div>
          </div>
          <div
            class="col-8 col-md-3 col-lg-5"
          >
            <div
              class="btn-group"
              role="group"
            >
              <button
                class="btn btn-outline-success bi bi-layout-sidebar-reverse"
                type="button"
              />
              <button
                class="btn btn-outline-success bi bi-list"
                type="button"
              />
            </div>
          </div>
        </div>
      </div>
      <div
        class="right-col m-2"
      >
        <textarea
          class="h-100 form-control"
          disabled=""
        />
      </div>
    </div>
  </div>,
  "debug": [Function],
  "findAllByAltText": [Function],
  "findAllByDisplayValue": [Function],
  "findAllByLabelText": [Function],
  "findAllByPlaceholderText": [Function],
  "findAllByRole": [Function],
  "findAllByTestId": [Function],
  "findAllByText": [Function],
  "findAllByTitle": [Function],
  "findByAltText": [Function],
  "findByDisplayValue": [Function],
  "findByLabelText": [Function],
  "findByPlaceholderText": [Function],
  "findByRole": [Function],
  "findByTestId": [Function],
  "findByText": [Function],
  "findByTitle": [Function],
  "getAllByAltText": [Function],
  "getAllByDisplayValue": [Function],
  "getAllByLabelText": [Function],
  "getAllByPlaceholderText": [Function],
  "getAllByRole": [Function],
  "getAllByTestId": [Function],
  "getAllByText": [Function],
  "getAllByTitle": [Function],
  "getByAltText": [Function],
  "getByDisplayValue": [Function],
  "getByLabelText": [Function],
  "getByPlaceholderText": [Function],
  "getByRole": [Function],
  "getByTestId": [Function],
  "getByText": [Function],
  "getByTitle": [Function],
  "queryAllByAltText": [Function],
  "queryAllByDisplayValue": [Function],
  "queryAllByLabelText": [Function],
  "queryAllByPlaceholderText": [Function],
  "queryAllByRole": [Function],
  "queryAllByTestId": [Function],
  "queryAllByText": [Function],
  "queryAllByTitle": [Function],
  "queryByAltText": [Function],
  "queryByDisplayValue": [Function],
  "queryByLabelText": [Function],
  "queryByPlaceholderText": [Function],
  "queryByRole": [Function],
  "queryByTestId": [Function],
  "queryByText": [Function],
  "queryByTitle": [Function],
  "rerender": [Function],
  "unmount": [Function],
}
`;
