// Jest Snapshot v1, https://goo.gl/fbAQLP

exports[`should render App component 1`] = `
Object {
  "asFragment": [Function],
  "baseElement": <body>
    <div>
      <div
        class="row g-0"
      >
        <div
          class="col-md-12"
        >
          <nav
            class="bg-body-secondary main-navbar navbar navbar-expand navbar-light"
          >
            <div
              class="justify-content-center container"
            >
              <span
                class="navbar-brand"
              >
                <img
                  class="rounded border logo"
                  src="tensorflowjs.png"
                />
              </span>
            </div>
          </nav>
          <div
            class="conversation-panel"
          >
            <div
              class="left-col"
            >
              Left Column
            </div>
            <div
              class="right-col m-2"
            >
              <textarea
                class="h-100 form-control"
                disabled=""
              />
            </div>
          </div>
        </div>
      </div>
    </div>
  </body>,
  "container": <div>
    <div
      class="row g-0"
    >
      <div
        class="col-md-12"
      >
        <nav
          class="bg-body-secondary main-navbar navbar navbar-expand navbar-light"
        >
          <div
            class="justify-content-center container"
          >
            <span
              class="navbar-brand"
            >
              <img
                class="rounded border logo"
                src="tensorflowjs.png"
              />
            </span>
          </div>
        </nav>
        <div
          class="conversation-panel"
        >
          <div
            class="left-col"
          >
            Left Column
          </div>
          <div
            class="right-col m-2"
          >
            <textarea
              class="h-100 form-control"
              disabled=""
            />
          </div>
        </div>
      </div>
    </div>
  </div>,
  "debug": [Function],
  "findAllByAltText": [Function],
  "findAllByDisplayValue": [Function],
  "findAllByLabelText": [Function],
  "findAllByPlaceholderText": [Function],
  "findAllByRole": [Function],
  "findAllByTestId": [Function],
  "findAllByText": [Function],
  "findAllByTitle": [Function],
  "findByAltText": [Function],
  "findByDisplayValue": [Function],
  "findByLabelText": [Function],
  "findByPlaceholderText": [Function],
  "findByRole": [Function],
  "findByTestId": [Function],
  "findByText": [Function],
  "findByTitle": [Function],
  "getAllByAltText": [Function],
  "getAllByDisplayValue": [Function],
  "getAllByLabelText": [Function],
  "getAllByPlaceholderText": [Function],
  "getAllByRole": [Function],
  "getAllByTestId": [Function],
  "getAllByText": [Function],
  "getAllByTitle": [Function],
  "getByAltText": [Function],
  "getByDisplayValue": [Function],
  "getByLabelText": [Function],
  "getByPlaceholderText": [Function],
  "getByRole": [Function],
  "getByTestId": [Function],
  "getByText": [Function],
  "getByTitle": [Function],
  "queryAllByAltText": [Function],
  "queryAllByDisplayValue": [Function],
  "queryAllByLabelText": [Function],
  "queryAllByPlaceholderText": [Function],
  "queryAllByRole": [Function],
  "queryAllByTestId": [Function],
  "queryAllByText": [Function],
  "queryAllByTitle": [Function],
  "queryByAltText": [Function],
  "queryByDisplayValue": [Function],
  "queryByLabelText": [Function],
  "queryByPlaceholderText": [Function],
  "queryByRole": [Function],
  "queryByTestId": [Function],
  "queryByText": [Function],
  "queryByTitle": [Function],
  "rerender": [Function],
  "unmount": [Function],
}
`;
